
> itam-shineray@2.0.0 build
> vite build

[36mvite v7.2.6 [32mbuilding client environment for production...[36m[39m
transforming...
[32mÔ£ô[39m 20 modules transformed.
node.exe : 
[31mÔ£ù[39m Build 
failed in 1.00s
No linha:1 caractere:1
+ & "C:\Program 
Files\nodejs/node.exe" 
"C:\Program 
Files\nodejs/node_mo 
...
+ ~~~~~~~~~~~~~~~~~~~~~
~~~~~~~~~~~~~~~~~~~~~~~
~~~~~~~~~~~~~~~~~~~~~~~
~~
    + CategoryInfo     
         : NotSpecifi  
  ed: ([31mÔ£ù[39m   
  Build failed in 1    
.00s:String) [], R    
emoteException
    + FullyQualifiedEr 
   rorId : NativeComm  
  andError
 
[31merror during 
build:
[31m[vite-plugin-pwa:b
uild] [plugin 
vite-plugin-pwa:build] 
src/pages/AssetDetail.j
sx (8:9): There was an 
error during the build:
  Transform failed 
with 1 error:
C:/Users/ShinerayADM/it
am-shineray/src/pages/A
ssetDetail.jsx:8:9: 
ERROR: The symbol 
"MoveAssetModal" has 
already been declared
Additionally, handling 
the error in the 
'buildEnd' hook caused 
the following error:
  Transform failed 
with 1 error:
C:/Users/ShinerayADM/it
am-shineray/src/pages/A
ssetDetail.jsx:8:9: 
ERROR: The symbol 
"MoveAssetModal" has 
already been 
declared[31m
file: [36mC:/Users/Shi
nerayADM/itam-shineray/
src/pages/AssetDetail.j
sx:8:9[31m
[33m
[33mThe symbol 
"MoveAssetModal" has 
already been 
declared[33m
6  |  import { 
moveAsset, 
registerMaintenance, 
updateAsset, 
deleteAsset } from '../
services/assetService';
 
7  |  import 
MoveAssetModal from '..
/components/MoveAssetMo
dal';
8  |  import { 
MoveAssetModal } from '
../components/MoveAsset
Modal';
   |           ^
9  |  import 
MaintenanceModal from '
../components/Maintenan
ceModal';
10 |  import { 
QRCodeSVG } from 
'qrcode.react'; 
[31m
    at getRollupError (
file:///C:/Users/Shiner
ayADM/itam-shineray/nod
e_modules/rollup/dist/e
s/shared/parseAst.js:40
1:41)
    at file:///C:/Users
/ShinerayADM/itam-shine
ray/node_modules/rollup
/dist/es/shared/node-en
try.js:23347:39
    at process.processT
icksAndRejections (node
:internal/process/task_
queues:103:5)
    at async catchUnfin
ishedHookActions (file:
///C:/Users/ShinerayADM
/itam-shineray/node_mod
ules/rollup/dist/es/sha
red/node-entry.js:22805
:16)
    at async 
rollupInternal (file://
/C:/Users/ShinerayADM/i
tam-shineray/node_modul
es/rollup/dist/es/share
d/node-entry.js:23330:5
)
    at async 
buildEnvironment (file:
///C:/Users/ShinerayADM
/itam-shineray/node_mod
ules/vite/dist/node/chu
nks/config.js:33534:12)
    at async 
Object.build (file:///C
:/Users/ShinerayADM/ita
m-shineray/node_modules
/vite/dist/node/chunks/
config.js:33893:19)
    at async 
Object.buildApp (file:/
//C:/Users/ShinerayADM/
itam-shineray/node_modu
les/vite/dist/node/chun
ks/config.js:33890:153)
    at async 
CAC.<anonymous> (file:/
//C:/Users/ShinerayADM/
itam-shineray/node_modu
les/vite/dist/node/cli.
js:629:3)[39m
